// Jest Snapshot v1, https://goo.gl/fbAQLP

exports[`ListPagination Component Should match the snapshot 1`] = `
<nav>
  <ul
    className="pagination"
    id="pagination"
  >
    <li
      className="page-item active"
      onClick={[Function]}
    >
      <a
        className="page-link"
        href=""
      >
        1
      </a>
    </li>
    <li
      className="page-item"
      onClick={[Function]}
    >
      <a
        className="page-link"
        href=""
      >
        2
      </a>
    </li>
    <li
      className="page-item"
      onClick={[Function]}
    >
      <a
        className="page-link"
        href=""
      >
        3
      </a>
    </li>
    <li
      className="page-item"
      onClick={[Function]}
    >
      <a
        className="page-link"
        href=""
      >
        4
      </a>
    </li>
    <li
      className="page-item"
      onClick={[Function]}
    >
      <a
        className="page-link"
        href=""
      >
        5
      </a>
    </li>
    <li
      className="page-item"
      onClick={[Function]}
    >
      <a
        className="page-link"
        href=""
      >
        6
      </a>
    </li>
    <li
      className="page-item"
      onClick={[Function]}
    >
      <a
        className="page-link"
        href=""
      >
        7
      </a>
    </li>
    <li
      className="page-item"
      onClick={[Function]}
    >
      <a
        className="page-link"
        href=""
      >
        8
      </a>
    </li>
    <li
      className="page-item"
      onClick={[Function]}
    >
      <a
        className="page-link"
        href=""
      >
        9
      </a>
    </li>
    <li
      className="page-item"
      onClick={[Function]}
    >
      <a
        className="page-link"
        href=""
      >
        10
      </a>
    </li>
  </ul>
</nav>
`;
