// Jest Snapshot v1, https://goo.gl/fbAQLP

exports[`MainView Component Should match the snapshot 1`] = `
<div
  className="col-md-9"
  id="main-view"
>
  <div
    className="feed-toggle"
  >
    <ul
      className="nav nav-pills outline-active"
    >
      <li
        className="nav-item"
      >
        <a
          className="nav-link"
          href=""
          onClick={[Function]}
        >
          Your Feed
        </a>
      </li>
      <li
        className="nav-item"
      >
        <a
          className="nav-link"
          href=""
          onClick={[Function]}
        >
          Global Feed
        </a>
      </li>
    </ul>
  </div>
  <div
    className="article-preview"
  >
    Loading...
  </div>
</div>
`;
